Activating venv: /home/dem7clj/repos/mirpr/mirpr/bin/activate
======================================================
          Project Root: /home/dem7clj/repos/mirpr
          Job ID: 21794198
          Python Path: /home/dem7clj/repos/mirpr/mirpr/bin/python
======================================================

======================================================
          Configuration (config.py)
======================================================
import os

# --- PATHS ---
PROJECT_ROOT = "/home/dem7clj/repos/mirpr"
# Path to LIDC-IDRI DICOM files (the folder containing patient folders)
RAW_DICOM_DIR = "/shares/CC_v_Val_FV_Gen3_all/VIDT_DL/data/cnn_training/projects/smart_data_selection/town_signs/mirprfull/LIDC-IDRI"

# Output for Preprocessed NIfTI files
DATA_ROOT ="/shares/CC_v_Val_FV_Gen3_all/VIDT_DL/data/cnn_training/projects/smart_data_selection/town_signs/preprocessed_output_sota/"
JSON_PATH = os.path.join(DATA_ROOT, "dataset.json")

# Model Paths
PRETRAINED_MODEL_PATH = os.path.join(PROJECT_ROOT, "models/model.pt")
LOG_DIR = os.path.join(PROJECT_ROOT, "runs/vista3d_lidc_finetune")

# --- VISTA SPECIFICATIONS (DO NOT CHANGE) ---
# These match the Foundation Model's pre-training settings
TARGET_SPACING = (0.7, 0.7, 0.7) 
INTENSITY_RANGE = (-1000, 1000) 

# --- CLASS MAPPING ---
# LIDC Nodule (1) -> VISTA Lung Tumor (23)
LABEL_MAPPINGS = {"default": [[1, 23]]}
LABEL_SET = [0, 23] 

TARGET_VISTA_CLASS = 23

# --- HYPERPARAMETERS ---
ROI_SIZE = (160, 160, 160)
BATCH_SIZE = 16
NUM_WORKERS = 16
MAX_EPOCHS = 150
VAL_INTERVAL = 2
LR = 5e-5

# --- SAMPLING CONFIG ---
# --- SAMPLING CONFIG ---
MAX_POINT = 5
MAX_PROMPT = 32
MAX_BACKPROMPT = 4
# CHANGE THIS: Force model to use Auto-Seg mode 70% of the time (was 0.2 / 20%)
DROP_POINT_PROB = 0.7 
DROP_LABEL_PROB = 0.1======================================================

======================================================
          Model (model.py)
======================================================
import torch
import os
import config as cfg

# Import strictly from standard MONAI paths or fallback
try:
    from monai.networks.nets import vista3d132
except ImportError:
    from scripts.modeling.vista3d import vista3d132

def get_vista_model(load_weights=True):
    """
    Returns the full VISTA-3D architecture (132 classes).
    """
    print(f"[Model] Initializing VISTA-3D (132 Classes)...")
    model = vista3d132(encoder_embed_dim=48, in_channels=1)
    
    if load_weights:
        if not os.path.exists(cfg.PRETRAINED_MODEL_PATH):
            print(f"[WARNING] Checkpoint not found at {cfg.PRETRAINED_MODEL_PATH}")
        else:
            print(f"[Model] Loading weights from {cfg.PRETRAINED_MODEL_PATH}...")
            try:
                # Security warning fix: weights_only=True
                state_dict = torch.load(cfg.PRETRAINED_MODEL_PATH, map_location="cpu", weights_only=True)
                model.load_state_dict(state_dict, strict=True)
                print("[Model] Weights loaded successfully.")
            except Exception as e:
                print(f"[ERROR] Weight load failed: {e}")
                
    return model======================================================

======================================================
          Train Script (train.py)
======================================================
import os
import torch
import numpy as np
from monai.data import DataLoader, CacheDataset, load_decathlon_datalist, list_data_collate
from monai.losses import DiceFocalLoss
from monai.metrics import compute_dice
from monai.inferers import sliding_window_inference
from monai.utils import set_determinism
from monai.apps.vista3d.sampler import sample_prompt_pairs
from monai.transforms import Activations, AsDiscrete
from torch.optim.lr_scheduler import CosineAnnealingLR # <--- Added Scheduler
import config as cfg
from dataset import get_transforms
from model import get_vista_model
from monai.optimizers import WarmupCosineSchedule
from tqdm import tqdm

def flatten_collate(batch):
    flattened_data = [item for sublist in batch for item in sublist]
    return list_data_collate(flattened_data)

def main():
    set_determinism(seed=0)
    os.makedirs(cfg.LOG_DIR, exist_ok=True)
    device = torch.device("cuda:0")
    print(f"VISTA-3D Finetuning on {device} | Spacing: {cfg.TARGET_SPACING}")

    # 1. Load Data
    train_files = load_decathlon_datalist(cfg.JSON_PATH, True, "training")
    val_files = load_decathlon_datalist(cfg.JSON_PATH, True, "validation")

    train_ds = CacheDataset(
        data=train_files, 
        transform=get_transforms("train"), 
        cache_rate=1.0, 
        num_workers=cfg.NUM_WORKERS
    )
    
    num_samples = 4
    loader_batch_size = max(1, cfg.BATCH_SIZE // num_samples) 
    
    train_loader = DataLoader(
        train_ds, 
        batch_size=loader_batch_size, 
        shuffle=True, 
        num_workers=cfg.NUM_WORKERS, 
        collate_fn=flatten_collate, 
        pin_memory=True
    )

    val_ds = CacheDataset(
        data=val_files, 
        transform=get_transforms("val"), 
        cache_rate=1.0, 
        num_workers=cfg.NUM_WORKERS
    )
    val_loader = DataLoader(val_ds, batch_size=1, num_workers=cfg.NUM_WORKERS)

    # 2. Initialize Model
    model = get_vista_model(load_weights=True).to(device)
    
    # 3. Optimization
    # SOTA Loss for small objects
    loss_function = DiceFocalLoss(
        to_onehot_y=False, 
        sigmoid=True, 
        lambda_dice=1.0, 
        lambda_focal=1.0,
        squared_pred=True
    )
    optimizer = torch.optim.AdamW(model.parameters(), lr=cfg.LR, weight_decay=1e-5)
    
    total_steps = cfg.MAX_EPOCHS * len(train_loader)
    warmup_steps = int(0.05 * total_steps)
    scheduler = WarmupCosineSchedule(
        optimizer=optimizer,
        warmup_steps=warmup_steps,
        t_total=total_steps,
        end_lr=1e-7, # Let it decay almost to zero to freeze the final weights
        warmup_multiplier=0.1
    )
    
    scaler = torch.amp.GradScaler('cuda') 

    # 4. Training Loop
    best_metric = -1
    best_metric_epoch = -1

    for epoch in range(cfg.MAX_EPOCHS):
        model.train()
        epoch_loss = 0
        step = 0
        
        epoch_skipped = 0
        epoch_total_crops = 0
        
        for batch_data in train_loader:
            step += 1
            inputs = batch_data["image"].to(device)
            labels = batch_data["label"].to(device)
            
            optimizer.zero_grad()
            batch_loss_accum = 0.0
            
            for i in range(inputs.shape[0]):
                curr_img = inputs[[i]]
                curr_lbl = labels[[i]]
                
                label_prompt, point, point_label, prompt_class = sample_prompt_pairs(
                    curr_lbl,
                    cfg.LABEL_SET,
                    max_point=cfg.MAX_POINT,
                    max_prompt=cfg.MAX_PROMPT,
                    max_backprompt=cfg.MAX_BACKPROMPT,
                    max_foreprompt=None,
                    drop_label_prob=cfg.DROP_LABEL_PROB,
                    drop_point_prob=cfg.DROP_POINT_PROB,
                )

                epoch_total_crops += 1
                if prompt_class is None: 
                    epoch_skipped += 1
                    continue

                with torch.amp.autocast('cuda'):
                    outputs = model(
                        input_images=curr_img,
                        point_coords=point,
                        point_labels=point_label,
                        class_vector=label_prompt
                    )
                    
                    loss = torch.tensor(0.0, device=device)
                    loss_n = torch.tensor(0.0, device=device)
                    
                    for idx in range(len(prompt_class)):
                        # Create binary target (0 or 1) and cast to Float
                        target_binary = (curr_lbl == prompt_class[idx]).float()
                        
                        loss += loss_function(
                            outputs[[idx]].float(), 
                            target_binary
                        )
                        loss_n += 1.0
                    
                    loss = loss / torch.max(loss_n, torch.tensor(1.0, device=device))
                    
                    # --- FIXED: Normalize by Batch Size (inter-image average) ---
                    # We divide by N here because gradients SUM up in .backward()
                    loss = loss / inputs.shape[0]

                # --- FIXED: Accumulate gradients (do not step optimizer yet) ---
                scaler.scale(loss).backward()
                
                # Recover true loss magnitude for logging (undo batch division)
                batch_loss_accum += loss.item() * inputs.shape[0]

            scaler.unscale_(optimizer)
            torch.nn.utils.clip_grad_norm_(model.parameters(), max_norm=1.0)

            # --- FIXED: Step Optimizer & Scheduler ONCE per batch ---
            scaler.step(optimizer)
            scaler.update()
            scheduler.step()
            
            epoch_loss += batch_loss_accum / inputs.shape[0]
            
            if step % 10 == 0:
                current_lr = optimizer.param_groups[0]['lr']
                print(f"Ep {epoch+1}/{cfg.MAX_EPOCHS} Step {step}/{len(train_loader)} Loss: {batch_loss_accum/inputs.shape[0]:.4f} LR: {current_lr:.2e}", end="\r")

        print(f"\nEpoch {epoch+1} Avg Loss: {epoch_loss/step:.4f}")

        skip_rate = (epoch_skipped / epoch_total_crops) * 100 if epoch_total_crops > 0 else 0
        print(f"\nEpoch {epoch+1} Avg Loss: {epoch_loss/step:.4f} | Skip Rate: {skip_rate:.1f}% ({epoch_skipped}/{epoch_total_crops})")

        # 5. Validation
        if (epoch + 1) % cfg.VAL_INTERVAL == 0:
            model.eval()
            dice_scores = []
            val_prompt = torch.tensor([23], device=device)

            post_sigmoid = Activations(sigmoid=True)
            post_pred = AsDiscrete(threshold=0.5)
            
            val_bar = tqdm(
                val_loader, 
                desc=f"Validating Ep {epoch+1}", 
                leave=False, 
                dynamic_ncols=True
            )
            
            with torch.no_grad():
                for i, val_data in enumerate(val_bar):
                    val_img = val_data["image"].to(device)
                    val_lbl = val_data["label"].to(device)
                    
                    val_bar.set_postfix({"Batch": f"{i+1}/{len(val_loader)}", "Shape": list(val_img.shape[2:])})

                    with torch.amp.autocast('cuda'):
                        val_out = sliding_window_inference(
                            val_img, cfg.ROI_SIZE, 32, model, 
                            overlap=0.5, transpose=True, class_vector=val_prompt, device=device
                        )
                    
                    val_pred = post_sigmoid(val_out)
                    val_mask = post_pred(val_pred)
                    
                    target_binary = (val_lbl == 23).float()
                    
                    if i == 0:
                        print(f"[DEBUG Ep{epoch+1}] Max Pred: {val_pred.max():.4f}, Max GT: {target_binary.max()}")
                        print(f"[DEBUG Ep{epoch+1}] Pred Shape: {val_mask.shape}, GT Shape: {target_binary.shape}")

                    dice = compute_dice(
                        y_pred=val_mask,
                        y=target_binary,
                        include_background=False
                    )
                    
                    if target_binary.sum() == 0:
                        dice_scores.append(1.0 if val_mask.sum() == 0 else 0.0)
                    else:
                        dice_scores.append(dice.item())

            mean_dice = np.mean(dice_scores)
            current_lr = scheduler.get_last_lr()[0]
            print(f"Validation Dice (Lung Tumor): {mean_dice:.4f} | LR: {current_lr:.8f}")
            
            if mean_dice > best_metric:
                best_metric = mean_dice
                best_metric_epoch = epoch + 1
                torch.save(model.state_dict(), os.path.join(cfg.LOG_DIR, "best_model.pth"))
                print(">>> New Best Model Saved!")

if __name__ == "__main__":
    main()======================================================

import os
import torch
import numpy as np
from tqdm import tqdm
from monai.inferers import sliding_window_inference
from monai.apps.vista3d.transforms import VistaPostTransformd
from monai.metrics import DiceMetric, HausdorffDistanceMetric

import config as cfg
from dataset import get_dataloaders
from model import get_model

def evaluate():
    device = torch.device("cuda")
    print("--- Starting Evaluation ---")
    
    _, val_loader = get_dataloaders()
    model = get_model(load_weights=False)
    
    best_model_path = os.path.join(cfg.CHECKPOINT_DIR, "best_metric_model.pth")
    if not os.path.exists(best_model_path):
        print(f"ERROR: Model not found at {best_model_path}")
        return

    model.load_state_dict(torch.load(best_model_path, weights_only=True))
    model.to(device)
    model.eval()
    
    dice_metric_calc = DiceMetric(include_background=False, reduction="mean")
    hd95_metric_calc = HausdorffDistanceMetric(include_background=False, percentile=95, reduction="mean")
    
    dice_scores = []
    hd95_scores = []

    with torch.no_grad():
        for val_data in tqdm(val_loader, desc="Evaluating"):
            val_images = val_data["image"].to(device)
            val_labels = val_data["label"].to(device)
            
            val_outputs = sliding_window_inference(
                val_images,
                cfg.INPUT_SHAPE,
                4, 
                model,
                transpose=True,
                class_vector=torch.tensor(cfg.LABEL_SET[1:], device=device),
                overlap=0.5
            )
            
            # --- CRITICAL FIX ---
            # Use val_outputs[0]
            post_pred_single = VistaPostTransformd(keys="pred")(
                {"pred": val_outputs[0], "label_prompt": torch.tensor(cfg.LABEL_SET[1:], device=device)}
            )["pred"]
            
            # Expand dims back to (1, D, H, W) for metrics
            pred_binary = (post_pred_single == cfg.TARGET_VISTA_CLASS).float().unsqueeze(0)
            gt_binary = (val_labels == cfg.TARGET_VISTA_CLASS).float()
            
            if gt_binary.sum() > 0:
                dice = dice_metric_calc(y_pred=pred_binary, y=gt_binary)
                hd95 = hd95_metric_calc(y_pred=pred_binary, y=gt_binary)
                
                dice_scores.append(dice.item())
                hd95_scores.append(hd95.item())
            
            dice_metric_calc.reset()
            hd95_metric_calc.reset()

    print("=======================================")
    print(f"FINAL RESULTS (Lung Tumor / Class 23)")
    print("=======================================")
    print(f"Mean Dice: {np.nanmean(dice_scores):.4f}")
    print(f"Mean HD95: {np.nanmean(hd95_scores):.4f} mm")
    print("=======================================")

if __name__ == "__main__":
    evaluate()import torch
import numpy as np
from monai.transforms import (
    Compose,
    LoadImaged,
    EnsureChannelFirstd,
    Orientationd,
    Spacingd,
    ScaleIntensityRanged,
    RandCropByPosNegLabeld,
    RandAffined,
    RandGaussianNoised,
    RandFlipd,
    RandRotate90d,
    EnsureTyped
)
from monai.apps.vista3d.transforms import Relabeld
import config as cfg

def get_transforms(mode="train"):
    transforms = [
        LoadImaged(keys=["image", "label"]),
        EnsureChannelFirstd(keys=["image", "label"]),
        Orientationd(keys=["image", "label"], axcodes="RAS"),
        # Official VISTA spacing
        Spacingd(
            keys=["image", "label"], 
            pixdim=cfg.TARGET_SPACING, 
            mode=("bilinear", "nearest")
        ),
        # Official VISTA Intensity Range (Foundation Model Alignment)
        ScaleIntensityRanged(
            keys=["image"],
            a_min=cfg.INTENSITY_RANGE[0],
            a_max=cfg.INTENSITY_RANGE[1],
            b_min=0.0,
            b_max=1.0,
            clip=True,
        ),
        # Map LIDC(1) -> VISTA(23)
        Relabeld(keys="label", label_mappings=cfg.LABEL_MAPPINGS, dtype=torch.uint8),
    ]

    if mode == "train":
        transforms += [
            # Dynamic Cropping for Small Nodules
            RandCropByPosNegLabeld(
                keys=["image", "label"],
                label_key="label",
                spatial_size=cfg.ROI_SIZE,
                pos=2,
                neg=1,
                num_samples=4,
                image_key="image",
                image_threshold=0,
            ),
            RandFlipd(keys=["image", "label"], prob=0.5, spatial_axis=0),
            RandFlipd(keys=["image", "label"], prob=0.5, spatial_axis=1),
            RandFlipd(keys=["image", "label"], prob=0.5, spatial_axis=2),
            RandRotate90d(keys=["image", "label"], prob=0.5, max_k=3),
            RandGaussianNoised(keys=["image"], prob=0.1, mean=0.0, std=0.1),
            RandAffined(
                keys=['image', 'label'],
                mode=('bilinear', 'nearest'),
                prob=0.3,
                spatial_size=cfg.ROI_SIZE,
                rotate_range=(0, 0, np.pi/15),
                scale_range=(0.1, 0.1, 0.1)
            )
        ]

    return Compose(transforms + [EnsureTyped(keys=["image", "label"])])import os
import json
import numpy as np
import pylidc as pl
import nibabel as nib
from tqdm import tqdm
from pylidc.utils import consensus  # <--- FIXED IMPORT
import config as cfg

# --- CRITICAL: PYLIDC MONKEY PATCH ---
import numpy
if not hasattr(numpy, 'int'): numpy.int = int
if not hasattr(numpy, 'float'): numpy.float = float
if not hasattr(numpy, 'bool'): numpy.bool = bool

def get_affine_from_scan(scan):
    """
    Constructs a valid affine matrix preserving Spacing AND Origin.
    """
    try:
        first_slice = scan.images[0]
        spacings = [scan.pixel_spacing, scan.pixel_spacing, scan.slice_spacing]
        origin = first_slice.ImagePositionPatient
        
        affine = np.eye(4)
        affine[0, 0] = spacings[0]
        affine[1, 1] = spacings[1]
        affine[2, 2] = spacings[2]
        
        affine[0, 3] = origin[0]
        affine[1, 3] = origin[1]
        affine[2, 3] = origin[2]
        
        return affine
    except Exception as e:
        # Fallback if DICOM header is missing info
        spacing = np.array([scan.pixel_spacing, scan.pixel_spacing, scan.slice_spacing]).flatten()
        affine = np.eye(4)
        affine[0, 0] = spacing[0]
        affine[1, 1] = spacing[1]
        affine[2, 2] = spacing[2]
        return affine

def preprocess_lidc_sota():
    os.makedirs(os.path.join(cfg.DATA_ROOT, "images"), exist_ok=True)
    os.makedirs(os.path.join(cfg.DATA_ROOT, "labels"), exist_ok=True)

    print("Querying LIDC-IDRI database...")
    scans = pl.query(pl.Scan).all()
    print(f"Found {len(scans)} scans.")

    valid_entries = []

    # Iterate with index to catch problematic files easily
    for scan in tqdm(scans, desc="Processing LIDC"):
        try:
            # 1. Check for Annotations
            cluster_annotations = scan.cluster_annotations()
            
            if not cluster_annotations:
                continue

            # 2. Reconstruct Volume (HU)
            vol = scan.to_volume(verbose=False)
            mask = np.zeros(vol.shape, dtype=np.uint8)
            v_shape = vol.shape
            
            has_valid_nodule = False

            for cluster in cluster_annotations:
                # 50% Consensus level
                # Fixed: Calling consensus from pylidc.utils
                # Pad is [(before, after), ...] tuples. 0 padding ensures we stick to the bbox.
                cmask, cbbox, _ = consensus(cluster, clevel=0.5, pad=[(0,0), (0,0), (0,0)])
                
                # --- BOUNDARY LOGIC ---
                b_start = [cbbox[0].start, cbbox[1].start, cbbox[2].start]
                b_stop  = [cbbox[0].stop,  cbbox[1].stop,  cbbox[2].stop]

                # Volume Slices (Clamp to volume limits)
                vol_slice = tuple(
                    slice(max(0, s), min(d, e)) 
                    for s, e, d in zip(b_start, b_stop, v_shape)
                )

                # Mask Slices (Handle cases where bbox starts before 0)
                mask_slice = tuple(
                    slice(max(0, -s), max(0, -s) + (min(d, e) - max(0, s)))
                    for s, e, d in zip(b_start, b_stop, v_shape)
                )
                
                try:
                    # Merge Logic
                    if mask[vol_slice].shape == cmask[mask_slice].shape:
                        combined = np.logical_or(mask[vol_slice], cmask[mask_slice])
                        mask[vol_slice] = combined.astype(np.uint8)
                        has_valid_nodule = True
                except Exception:
                    continue

            if not has_valid_nodule:
                continue

            # 3. Construct Affine
            affine = get_affine_from_scan(scan)

            # 4. Save NIfTI
            series_uid = scan.series_instance_uid.replace('.', '')[-10:]
            file_id = f"{scan.patient_id}_{series_uid}"
            
            img_path = os.path.join(cfg.DATA_ROOT, "images", f"{file_id}_image.nii.gz")
            lbl_path = os.path.join(cfg.DATA_ROOT, "labels", f"{file_id}_label.nii.gz")

            nib.save(nib.Nifti1Image(vol.astype(np.float32), affine), img_path)
            nib.save(nib.Nifti1Image(mask.astype(np.uint8), affine), lbl_path)

            valid_entries.append({
                "image": img_path,
                "label": lbl_path,
                "patient_id": scan.patient_id
            })

        except Exception as e:
            print(f"!!! ERROR on scan {scan.patient_id}: {e}")
            continue

    # 5. Patient-Level Splitting
    unique_patients = sorted(list(set(d['patient_id'] for d in valid_entries)))
    rng = np.random.RandomState(42)
    rng.shuffle(unique_patients)
    
    split_idx = int(len(unique_patients) * 0.8)
    train_patients = set(unique_patients[:split_idx])
    val_patients = set(unique_patients[split_idx:])
    
    final_train = [d for d in valid_entries if d['patient_id'] in train_patients]
    final_val = [d for d in valid_entries if d['patient_id'] in val_patients]
    
    # Remove metadata before saving JSON
    for d in final_train: del d['patient_id']
    for d in final_val: del d['patient_id']

    json_output = {
        "training": final_train,
        "validation": final_val
    }

    with open(cfg.JSON_PATH, "w") as f:
        json.dump(json_output, f, indent=4)

    print(f"Done. Train: {len(final_train)}, Val: {len(final_val)}")

if __name__ == "__main__":
    preprocess_lidc_sota()We used this for preprocessing:
Starting Python training script... Log files are in the 'logs' directory.
VISTA-3D Finetuning on cuda:0 | Spacing: (0.7, 0.7, 0.7)
[Model] Initializing VISTA-3D (132 Classes)...
[Model] Loading weights from /home/dem7clj/repos/mirpr/models/model.pt...
[Model] Weights loaded successfully.
Ep 1/150 Step 10/177 Loss: 8.3341 LR: 5.34e-06
Ep 1/150 Step 20/177 Loss: 5.4169 LR: 5.68e-06
Ep 1/150 Step 30/177 Loss: 3.5147 LR: 6.02e-06
Ep 1/150 Step 40/177 Loss: 1.9012 LR: 6.36e-06
Ep 1/150 Step 50/177 Loss: 0.6480 LR: 6.70e-06
Ep 1/150 Step 60/177 Loss: 0.4678 LR: 7.03e-06
Ep 1/150 Step 70/177 Loss: 0.4042 LR: 7.37e-06
Ep 1/150 Step 80/177 Loss: 0.4588 LR: 7.71e-06
Ep 1/150 Step 90/177 Loss: 0.4058 LR: 8.05e-06
Ep 1/150 Step 100/177 Loss: 0.3231 LR: 8.39e-06
Ep 1/150 Step 110/177 Loss: 0.3690 LR: 8.73e-06
Ep 1/150 Step 120/177 Loss: 0.2787 LR: 9.07e-06
Ep 1/150 Step 130/177 Loss: 0.2647 LR: 9.41e-06
Ep 1/150 Step 140/177 Loss: 0.3457 LR: 9.75e-06
Ep 1/150 Step 150/177 Loss: 0.3271 LR: 1.01e-05
Ep 1/150 Step 160/177 Loss: 0.3208 LR: 1.04e-05
Ep 1/150 Step 170/177 Loss: 0.2659 LR: 1.08e-05
Epoch 1 Avg Loss: 1.5993

Epoch 1 Avg Loss: 1.5993 | Skip Rate: 0.0% (0/2832)
Ep 2/150 Step 10/177 Loss: 0.3050 LR: 1.13e-05
Ep 2/150 Step 20/177 Loss: 0.2253 LR: 1.17e-05
Ep 2/150 Step 30/177 Loss: 0.3469 LR: 1.20e-05
Ep 2/150 Step 40/177 Loss: 0.2904 LR: 1.24e-05
Ep 2/150 Step 50/177 Loss: 0.3516 LR: 1.27e-05
Ep 2/150 Step 60/177 Loss: 0.2624 LR: 1.30e-05
Ep 2/150 Step 70/177 Loss: 0.3425 LR: 1.34e-05
Ep 2/150 Step 80/177 Loss: 0.3257 LR: 1.37e-05
Ep 2/150 Step 90/177 Loss: 0.2594 LR: 1.41e-05
Ep 2/150 Step 100/177 Loss: 0.1534 LR: 1.44e-05
Ep 2/150 Step 110/177 Loss: 0.2877 LR: 1.47e-05
Ep 2/150 Step 120/177 Loss: 0.2615 LR: 1.51e-05
Ep 2/150 Step 130/177 Loss: 0.1867 LR: 1.54e-05
Ep 2/150 Step 140/177 Loss: 0.2663 LR: 1.57e-05
Ep 2/150 Step 150/177 Loss: 0.2264 LR: 1.61e-05
Ep 2/150 Step 160/177 Loss: 0.2476 LR: 1.64e-05
Ep 2/150 Step 170/177 Loss: 0.1923 LR: 1.68e-05
Epoch 2 Avg Loss: 0.2681

Epoch 2 Avg Loss: 0.2681 | Skip Rate: 0.0% (0/2832)
[DEBUG Ep2] Max Pred: 0.9778, Max GT: 1.0
[DEBUG Ep2] Pred Shape: torch.Size([1, 1, 459, 459, 640]), GT Shape: torch.Size([1, 1, 459, 459, 640])
Validation Dice (Lung Tumor): 0.2461 | LR: 0.00001700
>>> New Best Model Saved!
Ep 3/150 Step 10/177 Loss: 0.2832 LR: 1.73e-05
Ep 3/150 Step 20/177 Loss: 0.3108 LR: 1.77e-05
Ep 3/150 Step 30/177 Loss: 0.2382 LR: 1.80e-05
Ep 3/150 Step 40/177 Loss: 0.2917 LR: 1.84e-05
Ep 3/150 Step 50/177 Loss: 0.2919 LR: 1.87e-05
Ep 3/150 Step 60/177 Loss: 0.3508 LR: 1.90e-05
Ep 3/150 Step 70/177 Loss: 0.2763 LR: 1.94e-05
Ep 3/150 Step 80/177 Loss: 0.2956 LR: 1.97e-05
Ep 3/150 Step 90/177 Loss: 0.3481 LR: 2.01e-05
Ep 3/150 Step 100/177 Loss: 0.2195 LR: 2.04e-05
Ep 3/150 Step 110/177 Loss: 0.3730 LR: 2.07e-05
Ep 3/150 Step 120/177 Loss: 0.2524 LR: 2.11e-05
Ep 3/150 Step 130/177 Loss: 0.2553 LR: 2.14e-05
Ep 3/150 Step 140/177 Loss: 0.1522 LR: 2.18e-05
Ep 3/150 Step 150/177 Loss: 0.2052 LR: 2.21e-05
Ep 3/150 Step 160/177 Loss: 0.2787 LR: 2.24e-05
Ep 3/150 Step 170/177 Loss: 0.2307 LR: 2.28e-05
Epoch 3 Avg Loss: 0.2583

Epoch 3 Avg Loss: 0.2583 | Skip Rate: 0.0% (0/2832)
Ep 4/150 Step 10/177 Loss: 0.2392 LR: 2.33e-05
Ep 4/150 Step 20/177 Loss: 0.2532 LR: 2.37e-05
Ep 4/150 Step 30/177 Loss: 0.3046 LR: 2.40e-05
Ep 4/150 Step 40/177 Loss: 0.2467 LR: 2.44e-05
Ep 4/150 Step 50/177 Loss: 0.2007 LR: 2.47e-05
Ep 4/150 Step 60/177 Loss: 0.2235 LR: 2.50e-05
Ep 4/150 Step 70/177 Loss: 0.2505 LR: 2.54e-05
Ep 4/150 Step 80/177 Loss: 0.2119 LR: 2.57e-05
Ep 4/150 Step 90/177 Loss: 0.2294 LR: 2.61e-05
Ep 4/150 Step 100/177 Loss: 0.2001 LR: 2.64e-05
Ep 4/150 Step 110/177 Loss: 0.2368 LR: 2.67e-05
Ep 4/150 Step 120/177 Loss: 0.2259 LR: 2.71e-05
Ep 4/150 Step 130/177 Loss: 0.2361 LR: 2.74e-05
Ep 4/150 Step 140/177 Loss: 0.2325 LR: 2.78e-05
Ep 4/150 Step 150/177 Loss: 0.2884 LR: 2.81e-05
Ep 4/150 Step 160/177 Loss: 0.2704 LR: 2.84e-05
Ep 4/150 Step 170/177 Loss: 0.3167 LR: 2.88e-05
Epoch 4 Avg Loss: 0.2438

Epoch 4 Avg Loss: 0.2438 | Skip Rate: 0.0% (0/2832)
[DEBUG Ep4] Max Pred: 0.9570, Max GT: 1.0
[DEBUG Ep4] Pred Shape: torch.Size([1, 1, 459, 459, 640]), GT Shape: torch.Size([1, 1, 459, 459, 640])
Validation Dice (Lung Tumor): 0.3810 | LR: 0.00002901
>>> New Best Model Saved!
Ep 5/150 Step 10/177 Loss: 0.3012 LR: 2.93e-05
Ep 5/150 Step 20/177 Loss: 0.1438 LR: 2.97e-05
Ep 5/150 Step 30/177 Loss: 0.2270 LR: 3.00e-05
Ep 5/150 Step 40/177 Loss: 0.1350 LR: 3.04e-05
Ep 5/150 Step 50/177 Loss: 0.1547 LR: 3.07e-05
Ep 5/150 Step 60/177 Loss: 0.2523 LR: 3.10e-05
Ep 5/150 Step 70/177 Loss: 0.3969 LR: 3.14e-05
Ep 5/150 Step 80/177 Loss: 0.1631 LR: 3.17e-05
Ep 5/150 Step 90/177 Loss: 0.2297 LR: 3.21e-05
Ep 5/150 Step 100/177 Loss: 0.1641 LR: 3.24e-05
Ep 5/150 Step 110/177 Loss: 0.2566 LR: 3.27e-05
Ep 5/150 Step 120/177 Loss: 0.2709 LR: 3.31e-05
Ep 5/150 Step 130/177 Loss: 0.1843 LR: 3.34e-05
Ep 5/150 Step 140/177 Loss: 0.2025 LR: 3.38e-05
Ep 5/150 Step 150/177 Loss: 0.2274 LR: 3.41e-05
Ep 5/150 Step 160/177 Loss: 0.2736 LR: 3.44e-05
Ep 5/150 Step 170/177 Loss: 0.1974 LR: 3.48e-05
Epoch 5 Avg Loss: 0.2383

Epoch 5 Avg Loss: 0.2383 | Skip Rate: 0.0% (0/2832)
Ep 6/150 Step 10/177 Loss: 0.2948 LR: 3.54e-05
Ep 6/150 Step 20/177 Loss: 0.2213 LR: 3.57e-05
Ep 6/150 Step 30/177 Loss: 0.2428 LR: 3.60e-05
Ep 6/150 Step 40/177 Loss: 0.1532 LR: 3.64e-05
Ep 6/150 Step 50/177 Loss: 0.2269 LR: 3.67e-05
Ep 6/150 Step 60/177 Loss: 0.1586 LR: 3.70e-05
Ep 6/150 Step 70/177 Loss: 0.1893 LR: 3.74e-05
Ep 6/150 Step 80/177 Loss: 0.2550 LR: 3.77e-05
Ep 6/150 Step 90/177 Loss: 0.2207 LR: 3.81e-05
Ep 6/150 Step 100/177 Loss: 0.2100 LR: 3.84e-05
Ep 6/150 Step 110/177 Loss: 0.2515 LR: 3.87e-05
Ep 6/150 Step 120/177 Loss: 0.1899 LR: 3.91e-05
Ep 6/150 Step 130/177 Loss: 0.1850 LR: 3.94e-05
Ep 6/150 Step 140/177 Loss: 0.1732 LR: 3.98e-05
Ep 6/150 Step 150/177 Loss: 0.2897 LR: 4.01e-05
Ep 6/150 Step 160/177 Loss: 0.1805 LR: 4.04e-05
Ep 6/150 Step 170/177 Loss: 0.1803 LR: 4.08e-05
Epoch 6 Avg Loss: 0.2326

Epoch 6 Avg Loss: 0.2326 | Skip Rate: 0.0% (0/2832)
[DEBUG Ep6] Max Pred: 0.6264, Max GT: 1.0
[DEBUG Ep6] Pred Shape: torch.Size([1, 1, 459, 459, 640]), GT Shape: torch.Size([1, 1, 459, 459, 640])
Validation Dice (Lung Tumor): 0.3706 | LR: 0.00004101
Ep 7/150 Step 10/177 Loss: 0.2202 LR: 4.14e-05
Ep 7/150 Step 20/177 Loss: 0.1605 LR: 4.17e-05
Ep 7/150 Step 30/177 Loss: 0.2662 LR: 4.20e-05
Ep 7/150 Step 40/177 Loss: 0.1894 LR: 4.24e-05
Ep 7/150 Step 50/177 Loss: 0.2090 LR: 4.27e-05
Ep 7/150 Step 60/177 Loss: 0.3152 LR: 4.30e-05
Ep 7/150 Step 70/177 Loss: 0.2763 LR: 4.34e-05
Ep 7/150 Step 80/177 Loss: 0.2668 LR: 4.37e-05
Ep 7/150 Step 90/177 Loss: 0.2320 LR: 4.41e-05
Ep 7/150 Step 100/177 Loss: 0.2888 LR: 4.44e-05
Ep 7/150 Step 110/177 Loss: 0.2792 LR: 4.47e-05
Ep 7/150 Step 120/177 Loss: 0.2480 LR: 4.51e-05
Ep 7/150 Step 130/177 Loss: 0.2629 LR: 4.54e-05
Ep 7/150 Step 140/177 Loss: 0.2330 LR: 4.58e-05
Ep 7/150 Step 150/177 Loss: 0.2113 LR: 4.61e-05
Ep 7/150 Step 160/177 Loss: 0.1853 LR: 4.64e-05
Ep 7/150 Step 170/177 Loss: 0.2506 LR: 4.68e-05
Epoch 7 Avg Loss: 0.2326

Epoch 7 Avg Loss: 0.2326 | Skip Rate: 0.0% (0/2832)
Ep 8/150 Step 10/177 Loss: 0.2954 LR: 4.74e-05
Ep 8/150 Step 20/177 Loss: 0.2051 LR: 4.77e-05
Ep 8/150 Step 30/177 Loss: 0.1612 LR: 4.80e-05
Ep 8/150 Step 40/177 Loss: 0.2636 LR: 4.84e-05
Ep 8/150 Step 50/177 Loss: 0.1431 LR: 4.87e-05
Ep 8/150 Step 60/177 Loss: 0.3397 LR: 4.91e-05
Ep 8/150 Step 70/177 Loss: 0.2781 LR: 4.94e-05
Ep 8/150 Step 80/177 Loss: 0.2520 LR: 4.97e-05
Ep 8/150 Step 90/177 Loss: 0.2361 LR: 5.00e-05
Ep 8/150 Step 100/177 Loss: 0.2647 LR: 5.00e-05
Ep 8/150 Step 110/177 Loss: 0.1560 LR: 5.00e-05
Ep 8/150 Step 120/177 Loss: 0.1849 LR: 5.00e-05
Ep 8/150 Step 130/177 Loss: 0.2508 LR: 5.00e-05
Ep 8/150 Step 140/177 Loss: 0.2430 LR: 5.00e-05
Ep 8/150 Step 150/177 Loss: 0.2304 LR: 5.00e-05
Ep 8/150 Step 160/177 Loss: 0.2235 LR: 5.00e-05
Ep 8/150 Step 170/177 Loss: 0.2379 LR: 5.00e-05
Epoch 8 Avg Loss: 0.2324

Epoch 8 Avg Loss: 0.2324 | Skip Rate: 0.0% (0/2832)
[DEBUG Ep8] Max Pred: 0.6528, Max GT: 1.0
[DEBUG Ep8] Pred Shape: torch.Size([1, 1, 459, 459, 640]), GT Shape: torch.Size([1, 1, 459, 459, 640])
Validation Dice (Lung Tumor): 0.3566 | LR: 0.00005000
Ep 9/150 Step 10/177 Loss: 0.3142 LR: 5.00e-05
Ep 9/150 Step 20/177 Loss: 0.1829 LR: 5.00e-05
Ep 9/150 Step 30/177 Loss: 0.1658 LR: 5.00e-05
Ep 9/150 Step 40/177 Loss: 0.3261 LR: 5.00e-05
Ep 9/150 Step 50/177 Loss: 0.2623 LR: 5.00e-05
Ep 9/150 Step 60/177 Loss: 0.2406 LR: 5.00e-05
Ep 9/150 Step 70/177 Loss: 0.3225 LR: 5.00e-05
Ep 9/150 Step 80/177 Loss: 0.3361 LR: 5.00e-05
Ep 9/150 Step 90/177 Loss: 0.1446 LR: 5.00e-05
Ep 9/150 Step 100/177 Loss: 0.1683 LR: 5.00e-05
Ep 9/150 Step 110/177 Loss: 0.2056 LR: 5.00e-05
Ep 9/150 Step 120/177 Loss: 0.1436 LR: 5.00e-05
Ep 9/150 Step 130/177 Loss: 0.2170 LR: 5.00e-05
Ep 9/150 Step 140/177 Loss: 0.2139 LR: 5.00e-05
Ep 9/150 Step 150/177 Loss: 0.2008 LR: 5.00e-05
Ep 9/150 Step 160/177 Loss: 0.3437 LR: 5.00e-05
Ep 9/150 Step 170/177 Loss: 0.1842 LR: 5.00e-05
Epoch 9 Avg Loss: 0.2340

Epoch 9 Avg Loss: 0.2340 | Skip Rate: 0.0% (0/2832)
Ep 10/150 Step 10/177 Loss: 0.2044 LR: 5.00e-05
Ep 10/150 Step 20/177 Loss: 0.2195 LR: 5.00e-05
Ep 10/150 Step 30/177 Loss: 0.2743 LR: 5.00e-05
Ep 10/150 Step 40/177 Loss: 0.2318 LR: 5.00e-05
Ep 10/150 Step 50/177 Loss: 0.2580 LR: 5.00e-05
Ep 10/150 Step 60/177 Loss: 0.1625 LR: 5.00e-05
Ep 10/150 Step 70/177 Loss: 0.1760 LR: 5.00e-05
Ep 10/150 Step 80/177 Loss: 0.2889 LR: 5.00e-05
Ep 10/150 Step 90/177 Loss: 0.1963 LR: 5.00e-05
Ep 10/150 Step 100/177 Loss: 0.2855 LR: 5.00e-05
Ep 10/150 Step 110/177 Loss: 0.3357 LR: 5.00e-05
Ep 10/150 Step 120/177 Loss: 0.1540 LR: 5.00e-05
Ep 10/150 Step 130/177 Loss: 0.1893 LR: 5.00e-05
Ep 10/150 Step 140/177 Loss: 0.1789 LR: 5.00e-05
Ep 10/150 Step 150/177 Loss: 0.1973 LR: 5.00e-05
Ep 10/150 Step 160/177 Loss: 0.1797 LR: 5.00e-05
Ep 10/150 Step 170/177 Loss: 0.2348 LR: 5.00e-05
Epoch 10 Avg Loss: 0.2315

Epoch 10 Avg Loss: 0.2315 | Skip Rate: 0.0% (0/2832)
[DEBUG Ep10] Max Pred: 0.8041, Max GT: 1.0
[DEBUG Ep10] Pred Shape: torch.Size([1, 1, 459, 459, 640]), GT Shape: torch.Size([1, 1, 459, 459, 640])
Validation Dice (Lung Tumor): 0.4629 | LR: 0.00004996
>>> New Best Model Saved!
Ep 11/150 Step 10/177 Loss: 0.1770 LR: 5.00e-05
Ep 11/150 Step 20/177 Loss: 0.2653 LR: 5.00e-05
Ep 11/150 Step 30/177 Loss: 0.3225 LR: 5.00e-05
Ep 11/150 Step 40/177 Loss: 0.2689 LR: 5.00e-05
Ep 11/150 Step 50/177 Loss: 0.2196 LR: 5.00e-05
Ep 11/150 Step 60/177 Loss: 0.1921 LR: 5.00e-05
Ep 11/150 Step 70/177 Loss: 0.2120 LR: 4.99e-05
Ep 11/150 Step 80/177 Loss: 0.1678 LR: 4.99e-05
Ep 11/150 Step 90/177 Loss: 0.3404 LR: 4.99e-05
Ep 11/150 Step 100/177 Loss: 0.2463 LR: 4.99e-05
Ep 11/150 Step 110/177 Loss: 0.1994 LR: 4.99e-05
Ep 11/150 Step 120/177 Loss: 0.2485 LR: 4.99e-05
Ep 11/150 Step 130/177 Loss: 0.1607 LR: 4.99e-05
Ep 11/150 Step 140/177 Loss: 0.3231 LR: 4.99e-05
Ep 11/150 Step 150/177 Loss: 0.2888 LR: 4.99e-05
Ep 11/150 Step 160/177 Loss: 0.2841 LR: 4.99e-05
Ep 11/150 Step 170/177 Loss: 0.2104 LR: 4.99e-05
Epoch 11 Avg Loss: 0.2368

Epoch 11 Avg Loss: 0.2368 | Skip Rate: 0.0% (0/2832)
Ep 12/150 Step 10/177 Loss: 0.3319 LR: 4.99e-05
Ep 12/150 Step 20/177 Loss: 0.1994 LR: 4.99e-05
Ep 12/150 Step 30/177 Loss: 0.1743 LR: 4.99e-05
Ep 12/150 Step 40/177 Loss: 0.2039 LR: 4.99e-05
Ep 12/150 Step 50/177 Loss: 0.2620 LR: 4.99e-05
Ep 12/150 Step 60/177 Loss: 0.3109 LR: 4.99e-05
Ep 12/150 Step 70/177 Loss: 0.1877 LR: 4.99e-05
Ep 12/150 Step 80/177 Loss: 0.2948 LR: 4.99e-05
Ep 12/150 Step 90/177 Loss: 0.2427 LR: 4.99e-05
Ep 12/150 Step 100/177 Loss: 0.2131 LR: 4.99e-05
Ep 12/150 Step 110/177 Loss: 0.2335 LR: 4.99e-05
Ep 12/150 Step 120/177 Loss: 0.2980 LR: 4.99e-05
Ep 12/150 Step 130/177 Loss: 0.1846 LR: 4.99e-05
Ep 12/150 Step 140/177 Loss: 0.1222 LR: 4.99e-05
Ep 12/150 Step 150/177 Loss: 0.1310 LR: 4.99e-05
Ep 12/150 Step 160/177 Loss: 0.2390 LR: 4.99e-05
Ep 12/150 Step 170/177 Loss: 0.1658 LR: 4.99e-05
Epoch 12 Avg Loss: 0.2231

Epoch 12 Avg Loss: 0.2231 | Skip Rate: 0.0% (0/2832)
[DEBUG Ep12] Max Pred: 0.5427, Max GT: 1.0
[DEBUG Ep12] Pred Shape: torch.Size([1, 1, 459, 459, 640]), GT Shape: torch.Size([1, 1, 459, 459, 640])
Validation Dice (Lung Tumor): 0.4738 | LR: 0.00004988
>>> New Best Model Saved!
Ep 13/150 Step 10/177 Loss: 0.2428 LR: 4.99e-05
Ep 13/150 Step 20/177 Loss: 0.2357 LR: 4.99e-05
Ep 13/150 Step 30/177 Loss: 0.3105 LR: 4.99e-05
Ep 13/150 Step 40/177 Loss: 0.1592 LR: 4.99e-05
Ep 13/150 Step 50/177 Loss: 0.2904 LR: 4.99e-05
Ep 13/150 Step 60/177 Loss: 0.1985 LR: 4.99e-05
Ep 13/150 Step 70/177 Loss: 0.2124 LR: 4.99e-05
Ep 13/150 Step 80/177 Loss: 0.2420 LR: 4.99e-05
Ep 13/150 Step 90/177 Loss: 0.1732 LR: 4.98e-05
Ep 13/150 Step 100/177 Loss: 0.2323 LR: 4.98e-05
Ep 13/150 Step 110/177 Loss: 0.2855 LR: 4.98e-05
Ep 13/150 Step 120/177 Loss: 0.2226 LR: 4.98e-05
Ep 13/150 Step 130/177 Loss: 0.2162 LR: 4.98e-05
Ep 13/150 Step 140/177 Loss: 0.2663 LR: 4.98e-05
Ep 13/150 Step 150/177 Loss: 0.2722 LR: 4.98e-05
Ep 13/150 Step 160/177 Loss: 0.1436 LR: 4.98e-05
Ep 13/150 Step 170/177 Loss: 0.2043 LR: 4.98e-05
Epoch 13 Avg Loss: 0.2259

Epoch 13 Avg Loss: 0.2259 | Skip Rate: 0.0% (0/2832)
Ep 14/150 Step 10/177 Loss: 0.2263 LR: 4.98e-05
Ep 14/150 Step 20/177 Loss: 0.2718 LR: 4.98e-05
Ep 14/150 Step 30/177 Loss: 0.2562 LR: 4.98e-05
Ep 14/150 Step 40/177 Loss: 0.2286 LR: 4.98e-05
Ep 14/150 Step 50/177 Loss: 0.2383 LR: 4.98e-05
Ep 14/150 Step 60/177 Loss: 0.2431 LR: 4.98e-05
Ep 14/150 Step 70/177 Loss: 0.2221 LR: 4.98e-05
Ep 14/150 Step 80/177 Loss: 0.2846 LR: 4.98e-05
Ep 14/150 Step 90/177 Loss: 0.1884 LR: 4.98e-05
Ep 14/150 Step 100/177 Loss: 0.1923 LR: 4.98e-05
Ep 14/150 Step 110/177 Loss: 0.1116 LR: 4.98e-05
Ep 14/150 Step 120/177 Loss: 0.2014 LR: 4.98e-05
Ep 14/150 Step 130/177 Loss: 0.1547 LR: 4.98e-05
Ep 14/150 Step 140/177 Loss: 0.3033 LR: 4.98e-05
Ep 14/150 Step 150/177 Loss: 0.2500 LR: 4.98e-05
Ep 14/150 Step 160/177 Loss: 0.1754 LR: 4.98e-05
Ep 14/150 Step 170/177 Loss: 0.3104 LR: 4.97e-05
Epoch 14 Avg Loss: 0.2262

Epoch 14 Avg Loss: 0.2262 | Skip Rate: 0.0% (0/2832)
[DEBUG Ep14] Max Pred: 0.9174, Max GT: 1.0
[DEBUG Ep14] Pred Shape: torch.Size([1, 1, 459, 459, 640]), GT Shape: torch.Size([1, 1, 459, 459, 640])
Validation Dice (Lung Tumor): 0.4693 | LR: 0.00004974
Ep 15/150 Step 10/177 Loss: 0.2866 LR: 4.97e-05
Ep 15/150 Step 20/177 Loss: 0.2211 LR: 4.97e-05
Ep 15/150 Step 30/177 Loss: 0.2463 LR: 4.97e-05
Ep 15/150 Step 40/177 Loss: 0.2441 LR: 4.97e-05
Ep 15/150 Step 50/177 Loss: 0.1081 LR: 4.97e-05
Ep 15/150 Step 60/177 Loss: 0.2564 LR: 4.97e-05
Ep 15/150 Step 70/177 Loss: 0.2916 LR: 4.97e-05
Ep 15/150 Step 80/177 Loss: 0.2404 LR: 4.97e-05
Ep 15/150 Step 90/177 Loss: 0.2364 LR: 4.97e-05
Ep 15/150 Step 100/177 Loss: 0.2086 LR: 4.97e-05
Ep 15/150 Step 110/177 Loss: 0.2426 LR: 4.97e-05
Ep 15/150 Step 120/177 Loss: 0.2549 LR: 4.97e-05
Ep 15/150 Step 130/177 Loss: 0.2285 LR: 4.97e-05
Ep 15/150 Step 140/177 Loss: 0.3266 LR: 4.97e-05
Ep 15/150 Step 150/177 Loss: 0.2877 LR: 4.97e-05
Ep 15/150 Step 160/177 Loss: 0.2177 LR: 4.97e-05
Ep 15/150 Step 170/177 Loss: 0.1654 LR: 4.97e-05
Epoch 15 Avg Loss: 0.2303

Epoch 15 Avg Loss: 0.2303 | Skip Rate: 0.0% (0/2832)
Ep 16/150 Step 10/177 Loss: 0.1592 LR: 4.97e-05
Ep 16/150 Step 20/177 Loss: 0.2307 LR: 4.96e-05
Ep 16/150 Step 30/177 Loss: 0.2626 LR: 4.96e-05
Ep 16/150 Step 40/177 Loss: 0.2463 LR: 4.96e-05
Ep 16/150 Step 50/177 Loss: 0.1469 LR: 4.96e-05
Ep 16/150 Step 60/177 Loss: 0.2439 LR: 4.96e-05
Ep 16/150 Step 70/177 Loss: 0.3452 LR: 4.96e-05
Ep 16/150 Step 80/177 Loss: 0.1416 LR: 4.96e-05
Ep 16/150 Step 90/177 Loss: 0.2476 LR: 4.96e-05
Ep 16/150 Step 100/177 Loss: 0.3130 LR: 4.96e-05
Ep 16/150 Step 110/177 Loss: 0.1474 LR: 4.96e-05
Ep 16/150 Step 120/177 Loss: 0.1775 LR: 4.96e-05
Ep 16/150 Step 130/177 Loss: 0.3223 LR: 4.96e-05
Ep 16/150 Step 140/177 Loss: 0.1716 LR: 4.96e-05
Ep 16/150 Step 150/177 Loss: 0.2928 LR: 4.96e-05
Ep 16/150 Step 160/177 Loss: 0.2008 LR: 4.96e-05
Ep 16/150 Step 170/177 Loss: 0.2313 LR: 4.96e-05
Epoch 16 Avg Loss: 0.2261

Epoch 16 Avg Loss: 0.2261 | Skip Rate: 0.0% (0/2832)
[DEBUG Ep16] Max Pred: 0.9502, Max GT: 1.0
[DEBUG Ep16] Pred Shape: torch.Size([1, 1, 459, 459, 640]), GT Shape: torch.Size([1, 1, 459, 459, 640])
Validation Dice (Lung Tumor): 0.4542 | LR: 0.00004956
Ep 17/150 Step 10/177 Loss: 0.1630 LR: 4.96e-05
Ep 17/150 Step 20/177 Loss: 0.2542 LR: 4.96e-05
Ep 17/150 Step 30/177 Loss: 0.1622 LR: 4.95e-05
Ep 17/150 Step 40/177 Loss: 0.2306 LR: 4.95e-05
Ep 17/150 Step 50/177 Loss: 0.1548 LR: 4.95e-05
Ep 17/150 Step 60/177 Loss: 0.3158 LR: 4.95e-05
Ep 17/150 Step 70/177 Loss: 0.1622 LR: 4.95e-05
Ep 17/150 Step 80/177 Loss: 0.2212 LR: 4.95e-05
Ep 17/150 Step 90/177 Loss: 0.1803 LR: 4.95e-05
Ep 17/150 Step 100/177 Loss: 0.1333 LR: 4.95e-05
Ep 17/150 Step 110/177 Loss: 0.1673 LR: 4.95e-05
Ep 17/150 Step 120/177 Loss: 0.2273 LR: 4.95e-05
Ep 17/150 Step 130/177 Loss: 0.1846 LR: 4.95e-05
Ep 17/150 Step 140/177 Loss: 0.2517 LR: 4.95e-05
Ep 17/150 Step 150/177 Loss: 0.1428 LR: 4.95e-05
Ep 17/150 Step 160/177 Loss: 0.2343 LR: 4.95e-05
Ep 17/150 Step 170/177 Loss: 0.2517 LR: 4.95e-05
Epoch 17 Avg Loss: 0.2178

Epoch 17 Avg Loss: 0.2178 | Skip Rate: 0.0% (0/2832)
Ep 18/150 Step 10/177 Loss: 0.2097 LR: 4.94e-05
Ep 18/150 Step 20/177 Loss: 0.1493 LR: 4.94e-05
Ep 18/150 Step 30/177 Loss: 0.2064 LR: 4.94e-05
Ep 18/150 Step 40/177 Loss: 0.2201 LR: 4.94e-05
Ep 18/150 Step 50/177 Loss: 0.1586 LR: 4.94e-05
Ep 18/150 Step 60/177 Loss: 0.2436 LR: 4.94e-05
Ep 18/150 Step 70/177 Loss: 0.2744 LR: 4.94e-05
Ep 18/150 Step 80/177 Loss: 0.1856 LR: 4.94e-05
Ep 18/150 Step 90/177 Loss: 0.2828 LR: 4.94e-05
Ep 18/150 Step 100/177 Loss: 0.2493 LR: 4.94e-05
Ep 18/150 Step 110/177 Loss: 0.2146 LR: 4.94e-05
Ep 18/150 Step 120/177 Loss: 0.1862 LR: 4.94e-05
Ep 18/150 Step 130/177 Loss: 0.2416 LR: 4.94e-05
Ep 18/150 Step 140/177 Loss: 0.2900 LR: 4.94e-05
Ep 18/150 Step 150/177 Loss: 0.1691 LR: 4.94e-05
Ep 18/150 Step 160/177 Loss: 0.3418 LR: 4.93e-05
Ep 18/150 Step 170/177 Loss: 0.2487 LR: 4.93e-05
Epoch 18 Avg Loss: 0.2264

Epoch 18 Avg Loss: 0.2264 | Skip Rate: 0.0% (0/2832)
[DEBUG Ep18] Max Pred: 0.7608, Max GT: 1.0
[DEBUG Ep18] Pred Shape: torch.Size([1, 1, 459, 459, 640]), GT Shape: torch.Size([1, 1, 459, 459, 640])
Validation Dice (Lung Tumor): 0.4786 | LR: 0.00004933
>>> New Best Model Saved!
Ep 19/150 Step 10/177 Loss: 0.2028 LR: 4.93e-05
Ep 19/150 Step 20/177 Loss: 0.2678 LR: 4.93e-05
Ep 19/150 Step 30/177 Loss: 0.2018 LR: 4.93e-05
Ep 19/150 Step 40/177 Loss: 0.1527 LR: 4.93e-05
Ep 19/150 Step 50/177 Loss: 0.2744 LR: 4.93e-05
Ep 19/150 Step 60/177 Loss: 0.2348 LR: 4.93e-05
Ep 19/150 Step 70/177 Loss: 0.2179 LR: 4.93e-05
Ep 19/150 Step 80/177 Loss: 0.2135 LR: 4.93e-05
Ep 19/150 Step 90/177 Loss: 0.2035 LR: 4.93e-05
Ep 19/150 Step 100/177 Loss: 0.1991 LR: 4.93e-05
Ep 19/150 Step 110/177 Loss: 0.2948 LR: 4.93e-05
Ep 19/150 Step 120/177 Loss: 0.1177 LR: 4.92e-05
Ep 19/150 Step 130/177 Loss: 0.1253 LR: 4.92e-05
Ep 19/150 Step 140/177 Loss: 0.2432 LR: 4.92e-05
Ep 19/150 Step 150/177 Loss: 0.2213 LR: 4.92e-05
Ep 19/150 Step 160/177 Loss: 0.2797 LR: 4.92e-05
Ep 19/150 Step 170/177 Loss: 0.2462 LR: 4.92e-05
Epoch 19 Avg Loss: 0.2238

Epoch 19 Avg Loss: 0.2238 | Skip Rate: 0.0% (0/2832)
Ep 20/150 Step 10/177 Loss: 0.1863 LR: 4.92e-05
Ep 20/150 Step 20/177 Loss: 0.1545 LR: 4.92e-05
Ep 20/150 Step 30/177 Loss: 0.2327 LR: 4.92e-05
Ep 20/150 Step 40/177 Loss: 0.2364 LR: 4.92e-05
Ep 20/150 Step 50/177 Loss: 0.2794 LR: 4.92e-05
Ep 20/150 Step 60/177 Loss: 0.1366 LR: 4.92e-05
Ep 20/150 Step 70/177 Loss: 0.2138 LR: 4.91e-05
Ep 20/150 Step 80/177 Loss: 0.2552 LR: 4.91e-05
Ep 20/150 Step 90/177 Loss: 0.2030 LR: 4.91e-05
Ep 20/150 Step 100/177 Loss: 0.2481 LR: 4.91e-05
Ep 20/150 Step 110/177 Loss: 0.2083 LR: 4.91e-05
Ep 20/150 Step 120/177 Loss: 0.1712 LR: 4.91e-05
Ep 20/150 Step 130/177 Loss: 0.2786 LR: 4.91e-05
Ep 20/150 Step 140/177 Loss: 0.2417 LR: 4.91e-05
Ep 20/150 Step 150/177 Loss: 0.2025 LR: 4.91e-05
Ep 20/150 Step 160/177 Loss: 0.2389 LR: 4.91e-05
Ep 20/150 Step 170/177 Loss: 0.1613 LR: 4.91e-05
Epoch 20 Avg Loss: 0.2257

Epoch 20 Avg Loss: 0.2257 | Skip Rate: 0.0% (0/2832)
[DEBUG Ep20] Max Pred: 0.4891, Max GT: 1.0
[DEBUG Ep20] Pred Shape: torch.Size([1, 1, 459, 459, 640]), GT Shape: torch.Size([1, 1, 459, 459, 640])
Validation Dice (Lung Tumor): 0.4770 | LR: 0.00004906
Ep 21/150 Step 10/177 Loss: 0.1753 LR: 4.90e-05
Ep 21/150 Step 20/177 Loss: 0.1880 LR: 4.90e-05
Ep 21/150 Step 30/177 Loss: 0.3537 LR: 4.90e-05
Ep 21/150 Step 40/177 Loss: 0.2753 LR: 4.90e-05
Ep 21/150 Step 50/177 Loss: 0.2710 LR: 4.90e-05
Ep 21/150 Step 60/177 Loss: 0.1537 LR: 4.90e-05
Ep 21/150 Step 70/177 Loss: 0.2287 LR: 4.90e-05
Ep 21/150 Step 80/177 Loss: 0.2697 LR: 4.90e-05
Ep 21/150 Step 90/177 Loss: 0.1754 LR: 4.90e-05
Ep 21/150 Step 100/177 Loss: 0.2741 LR: 4.90e-05
Ep 21/150 Step 110/177 Loss: 0.2869 LR: 4.90e-05
Ep 21/150 Step 120/177 Loss: 0.2804 LR: 4.90e-05
Ep 21/150 Step 130/177 Loss: 0.3018 LR: 4.89e-05
Ep 21/150 Step 140/177 Loss: 0.1972 LR: 4.89e-05
Ep 21/150 Step 150/177 Loss: 0.2450 LR: 4.89e-05
Ep 21/150 Step 160/177 Loss: 0.2667 LR: 4.89e-05
Ep 21/150 Step 170/177 Loss: 0.1908 LR: 4.89e-05
Epoch 21 Avg Loss: 0.2265

Epoch 21 Avg Loss: 0.2265 | Skip Rate: 0.0% (0/2832)
Ep 22/150 Step 10/177 Loss: 0.2257 LR: 4.89e-05
Ep 22/150 Step 20/177 Loss: 0.2738 LR: 4.89e-05
Ep 22/150 Step 30/177 Loss: 0.2854 LR: 4.89e-05
Ep 22/150 Step 40/177 Loss: 0.2679 LR: 4.89e-05
Ep 22/150 Step 50/177 Loss: 0.2817 LR: 4.89e-05
Ep 22/150 Step 60/177 Loss: 0.1985 LR: 4.88e-05
Ep 22/150 Step 70/177 Loss: 0.1786 LR: 4.88e-05
Ep 22/150 Step 80/177 Loss: 0.2118 LR: 4.88e-05
Ep 22/150 Step 90/177 Loss: 0.1527 LR: 4.88e-05
Ep 22/150 Step 100/177 Loss: 0.1878 LR: 4.88e-05
Ep 22/150 Step 110/177 Loss: 0.1416 LR: 4.88e-05
Ep 22/150 Step 120/177 Loss: 0.2901 LR: 4.88e-05
Ep 22/150 Step 130/177 Loss: 0.2274 LR: 4.88e-05
Ep 22/150 Step 140/177 Loss: 0.2494 LR: 4.88e-05
Ep 22/150 Step 150/177 Loss: 0.2166 LR: 4.88e-05
Ep 22/150 Step 160/177 Loss: 0.2959 LR: 4.87e-05
Ep 22/150 Step 170/177 Loss: 0.2549 LR: 4.87e-05
Epoch 22 Avg Loss: 0.2188

Epoch 22 Avg Loss: 0.2188 | Skip Rate: 0.0% (0/2832)
[DEBUG Ep22] Max Pred: 0.5832, Max GT: 1.0
[DEBUG Ep22] Pred Shape: torch.Size([1, 1, 459, 459, 640]), GT Shape: torch.Size([1, 1, 459, 459, 640])
Validation Dice (Lung Tumor): 0.4941 | LR: 0.00004873
>>> New Best Model Saved!
Ep 23/150 Step 10/177 Loss: 0.1877 LR: 4.87e-05
Ep 23/150 Step 20/177 Loss: 0.2057 LR: 4.87e-05
Ep 23/150 Step 30/177 Loss: 0.1225 LR: 4.87e-05
Ep 23/150 Step 40/177 Loss: 0.1310 LR: 4.87e-05
Ep 23/150 Step 50/177 Loss: 0.1521 LR: 4.87e-05
Ep 23/150 Step 60/177 Loss: 0.2042 LR: 4.87e-05
Ep 23/150 Step 70/177 Loss: 0.1555 LR: 4.87e-05
Ep 23/150 Step 80/177 Loss: 0.1931 LR: 4.87e-05
Ep 23/150 Step 90/177 Loss: 0.2696 LR: 4.86e-05
Ep 23/150 Step 100/177 Loss: 0.2125 LR: 4.86e-05
Ep 23/150 Step 110/177 Loss: 0.2750 LR: 4.86e-05
Ep 23/150 Step 120/177 Loss: 0.1906 LR: 4.86e-05
Ep 23/150 Step 130/177 Loss: 0.1857 LR: 4.86e-05
Ep 23/150 Step 140/177 Loss: 0.2160 LR: 4.86e-05
Ep 23/150 Step 150/177 Loss: 0.3008 LR: 4.86e-05
Ep 23/150 Step 160/177 Loss: 0.1314 LR: 4.86e-05
Ep 23/150 Step 170/177 Loss: 0.1390 LR: 4.86e-05
Epoch 23 Avg Loss: 0.2172

Epoch 23 Avg Loss: 0.2172 | Skip Rate: 0.0% (0/2832)
Ep 24/150 Step 10/177 Loss: 0.1784 LR: 4.85e-05
Ep 24/150 Step 20/177 Loss: 0.2975 LR: 4.85e-05
Ep 24/150 Step 30/177 Loss: 0.3674 LR: 4.85e-05
Ep 24/150 Step 40/177 Loss: 0.1690 LR: 4.85e-05
Ep 24/150 Step 50/177 Loss: 0.1793 LR: 4.85e-05
Ep 24/150 Step 60/177 Loss: 0.2569 LR: 4.85e-05
Ep 24/150 Step 70/177 Loss: 0.3001 LR: 4.85e-05
Ep 24/150 Step 80/177 Loss: 0.1342 LR: 4.85e-05
Ep 24/150 Step 90/177 Loss: 0.2307 LR: 4.85e-05
Ep 24/150 Step 100/177 Loss: 0.3225 LR: 4.84e-05
Ep 24/150 Step 110/177 Loss: 0.2137 LR: 4.84e-05
Ep 24/150 Step 120/177 Loss: 0.2176 LR: 4.84e-05
Ep 24/150 Step 130/177 Loss: 0.2613 LR: 4.84e-05
Ep 24/150 Step 140/177 Loss: 0.1494 LR: 4.84e-05
Ep 24/150 Step 150/177 Loss: 0.2376 LR: 4.84e-05
Ep 24/150 Step 160/177 Loss: 0.1301 LR: 4.84e-05
Ep 24/150 Step 170/177 Loss: 0.2255 LR: 4.84e-05
Epoch 24 Avg Loss: 0.2213

Epoch 24 Avg Loss: 0.2213 | Skip Rate: 0.0% (0/2832)
[DEBUG Ep24] Max Pred: 0.9114, Max GT: 1.0
[DEBUG Ep24] Pred Shape: torch.Size([1, 1, 459, 459, 640]), GT Shape: torch.Size([1, 1, 459, 459, 640])
Validation Dice (Lung Tumor): 0.4561 | LR: 0.00004836
Ep 25/150 Step 10/177 Loss: 0.2688 LR: 4.84e-05
Ep 25/150 Step 20/177 Loss: 0.2741 LR: 4.83e-05
Ep 25/150 Step 30/177 Loss: 0.1637 LR: 4.83e-05
Ep 25/150 Step 40/177 Loss: 0.2919 LR: 4.83e-05
Ep 25/150 Step 50/177 Loss: 0.1773 LR: 4.83e-05
Ep 25/150 Step 60/177 Loss: 0.2488 LR: 4.83e-05
Ep 25/150 Step 70/177 Loss: 0.2712 LR: 4.83e-05
Ep 25/150 Step 80/177 Loss: 0.1923 LR: 4.83e-05
Ep 25/150 Step 90/177 Loss: 0.1677 LR: 4.83e-05
Ep 25/150 Step 100/177 Loss: 0.2076 LR: 4.83e-05
Ep 25/150 Step 110/177 Loss: 0.1158 LR: 4.82e-05
Ep 25/150 Step 120/177 Loss: 0.1730 LR: 4.82e-05
Ep 25/150 Step 130/177 Loss: 0.2662 LR: 4.82e-05
Ep 25/150 Step 140/177 Loss: 0.2617 LR: 4.82e-05
Ep 25/150 Step 150/177 Loss: 0.3282 LR: 4.82e-05
Ep 25/150 Step 160/177 Loss: 0.1282 LR: 4.82e-05
Ep 25/150 Step 170/177 Loss: 0.1968 LR: 4.82e-05
Epoch 25 Avg Loss: 0.2232

Epoch 25 Avg Loss: 0.2232 | Skip Rate: 0.0% (0/2832)
Ep 26/150 Step 10/177 Loss: 0.1873 LR: 4.82e-05
Ep 26/150 Step 20/177 Loss: 0.1761 LR: 4.81e-05
Ep 26/150 Step 30/177 Loss: 0.2098 LR: 4.81e-05
Ep 26/150 Step 40/177 Loss: 0.1861 LR: 4.81e-05
Ep 26/150 Step 50/177 Loss: 0.1759 LR: 4.81e-05
Ep 26/150 Step 60/177 Loss: 0.1841 LR: 4.81e-05
Ep 26/150 Step 70/177 Loss: 0.2077 LR: 4.81e-05
Ep 26/150 Step 80/177 Loss: 0.2310 LR: 4.81e-05
Ep 26/150 Step 90/177 Loss: 0.2417 LR: 4.81e-05
Ep 26/150 Step 100/177 Loss: 0.1641 LR: 4.80e-05
Ep 26/150 Step 110/177 Loss: 0.2580 LR: 4.80e-05
Ep 26/150 Step 120/177 Loss: 0.2085 LR: 4.80e-05
Ep 26/150 Step 130/177 Loss: 0.2428 LR: 4.80e-05
Ep 26/150 Step 140/177 Loss: 0.1514 LR: 4.80e-05
Ep 26/150 Step 150/177 Loss: 0.2062 LR: 4.80e-05
Ep 26/150 Step 160/177 Loss: 0.2126 LR: 4.80e-05
Ep 26/150 Step 170/177 Loss: 0.1909 LR: 4.80e-05
Epoch 26 Avg Loss: 0.2134

Epoch 26 Avg Loss: 0.2134 | Skip Rate: 0.0% (0/2832)
[DEBUG Ep26] Max Pred: 0.9743, Max GT: 1.0
[DEBUG Ep26] Pred Shape: torch.Size([1, 1, 459, 459, 640]), GT Shape: torch.Size([1, 1, 459, 459, 640])
Validation Dice (Lung Tumor): 0.4741 | LR: 0.00004795
Ep 27/150 Step 10/177 Loss: 0.1544 LR: 4.79e-05
Ep 27/150 Step 20/177 Loss: 0.2129 LR: 4.79e-05
Ep 27/150 Step 30/177 Loss: 0.1376 LR: 4.79e-05
Ep 27/150 Step 40/177 Loss: 0.1405 LR: 4.79e-05
Ep 27/150 Step 50/177 Loss: 0.1716 LR: 4.79e-05
Ep 27/150 Step 60/177 Loss: 0.2756 LR: 4.79e-05
Ep 27/150 Step 70/177 Loss: 0.2136 LR: 4.79e-05
Ep 27/150 Step 80/177 Loss: 0.1739 LR: 4.78e-05
Ep 27/150 Step 90/177 Loss: 0.2236 LR: 4.78e-05
Ep 27/150 Step 100/177 Loss: 0.1877 LR: 4.78e-05
Ep 27/150 Step 110/177 Loss: 0.2514 LR: 4.78e-05
Ep 27/150 Step 120/177 Loss: 0.2038 LR: 4.78e-05
Ep 27/150 Step 130/177 Loss: 0.2936 LR: 4.78e-05
Ep 27/150 Step 140/177 Loss: 0.1489 LR: 4.78e-05
Ep 27/150 Step 150/177 Loss: 0.2257 LR: 4.78e-05
Ep 27/150 Step 160/177 Loss: 0.2002 LR: 4.77e-05
Ep 27/150 Step 170/177 Loss: 0.1499 LR: 4.77e-05
Epoch 27 Avg Loss: 0.2152

Epoch 27 Avg Loss: 0.2152 | Skip Rate: 0.0% (0/2832)
Ep 28/150 Step 10/177 Loss: 0.2903 LR: 4.77e-05
Ep 28/150 Step 20/177 Loss: 0.3137 LR: 4.77e-05
Ep 28/150 Step 30/177 Loss: 0.2837 LR: 4.77e-05
Ep 28/150 Step 40/177 Loss: 0.1854 LR: 4.77e-05
Ep 28/150 Step 50/177 Loss: 0.2676 LR: 4.77e-05
Ep 28/150 Step 60/177 Loss: 0.1386 LR: 4.76e-05
Ep 28/150 Step 70/177 Loss: 0.2527 LR: 4.76e-05
Ep 28/150 Step 80/177 Loss: 0.1475 LR: 4.76e-05
Ep 28/150 Step 90/177 Loss: 0.2518 LR: 4.76e-05
Ep 28/150 Step 100/177 Loss: 0.1849 LR: 4.76e-05
Ep 28/150 Step 110/177 Loss: 0.2439 LR: 4.76e-05
Ep 28/150 Step 120/177 Loss: 0.1963 LR: 4.76e-05
Ep 28/150 Step 130/177 Loss: 0.2029 LR: 4.76e-05
Ep 28/150 Step 140/177 Loss: 0.1454 LR: 4.75e-05
Ep 28/150 Step 150/177 Loss: 0.2489 LR: 4.75e-05
Ep 28/150 Step 160/177 Loss: 0.2105 LR: 4.75e-05
Ep 28/150 Step 170/177 Loss: 0.1591 LR: 4.75e-05
Epoch 28 Avg Loss: 0.2187

Epoch 28 Avg Loss: 0.2187 | Skip Rate: 0.0% (0/2832)
[DEBUG Ep28] Max Pred: 0.9958, Max GT: 1.0
[DEBUG Ep28] Pred Shape: torch.Size([1, 1, 459, 459, 640]), GT Shape: torch.Size([1, 1, 459, 459, 640])
Validation Dice (Lung Tumor): 0.4161 | LR: 0.00004749
Ep 29/150 Step 10/177 Loss: 0.2851 LR: 4.75e-05
Ep 29/150 Step 20/177 Loss: 0.3412 LR: 4.75e-05
Ep 29/150 Step 30/177 Loss: 0.2537 LR: 4.74e-05
Ep 29/150 Step 40/177 Loss: 0.3104 LR: 4.74e-05
Ep 29/150 Step 50/177 Loss: 0.2727 LR: 4.74e-05
Ep 29/150 Step 60/177 Loss: 0.1523 LR: 4.74e-05
Ep 29/150 Step 70/177 Loss: 0.2386 LR: 4.74e-05
Ep 29/150 Step 80/177 Loss: 0.3170 LR: 4.74e-05
Ep 29/150 Step 90/177 Loss: 0.2638 LR: 4.74e-05
Ep 29/150 Step 100/177 Loss: 0.2248 LR: 4.74e-05
Ep 29/150 Step 110/177 Loss: 0.1694 LR: 4.73e-05
Ep 29/150 Step 120/177 Loss: 0.1673 LR: 4.73e-05
Ep 29/150 Step 130/177 Loss: 0.1170 LR: 4.73e-05
Ep 29/150 Step 140/177 Loss: 0.2428 LR: 4.73e-05
Ep 29/150 Step 150/177 Loss: 0.1675 LR: 4.73e-05
Ep 29/150 Step 160/177 Loss: 0.2047 LR: 4.73e-05
Ep 29/150 Step 170/177 Loss: 0.2187 LR: 4.73e-05
Epoch 29 Avg Loss: 0.2155

Epoch 29 Avg Loss: 0.2155 | Skip Rate: 0.0% (0/2832)
Ep 30/150 Step 10/177 Loss: 0.1834 LR: 4.72e-05
Ep 30/150 Step 20/177 Loss: 0.2408 LR: 4.72e-05
Ep 30/150 Step 30/177 Loss: 0.3149 LR: 4.72e-05
Ep 30/150 Step 40/177 Loss: 0.2421 LR: 4.72e-05
Ep 30/150 Step 50/177 Loss: 0.2801 LR: 4.72e-05
Ep 30/150 Step 60/177 Loss: 0.2286 LR: 4.72e-05
Ep 30/150 Step 70/177 Loss: 0.1487 LR: 4.71e-05
Ep 30/150 Step 80/177 Loss: 0.2583 LR: 4.71e-05
Ep 30/150 Step 90/177 Loss: 0.1343 LR: 4.71e-05
Ep 30/150 Step 100/177 Loss: 0.1607 LR: 4.71e-05
Ep 30/150 Step 110/177 Loss: 0.0735 LR: 4.71e-05
Ep 30/150 Step 120/177 Loss: 0.0741 LR: 4.71e-05
Ep 30/150 Step 130/177 Loss: 0.0758 LR: 4.71e-05
Ep 30/150 Step 140/177 Loss: 0.1377 LR: 4.70e-05
Ep 30/150 Step 150/177 Loss: 0.1845 LR: 4.70e-05
Ep 30/150 Step 160/177 Loss: 0.1396 LR: 4.70e-05
Ep 30/150 Step 170/177 Loss: 0.0924 LR: 4.70e-05
Epoch 30 Avg Loss: 0.1612

Epoch 30 Avg Loss: 0.1612 | Skip Rate: 0.0% (0/2832)
[DEBUG Ep30] Max Pred: 0.9884, Max GT: 1.0
[DEBUG Ep30] Pred Shape: torch.Size([1, 1, 459, 459, 640]), GT Shape: torch.Size([1, 1, 459, 459, 640])
Validation Dice (Lung Tumor): 0.4613 | LR: 0.00004699
Ep 31/150 Step 10/177 Loss: 0.0827 LR: 4.70e-05
Ep 31/150 Step 20/177 Loss: 0.0648 LR: 4.70e-05
Ep 31/150 Step 30/177 Loss: 0.0536 LR: 4.69e-05
Ep 31/150 Step 40/177 Loss: 0.1959 LR: 4.69e-05
Ep 31/150 Step 50/177 Loss: 0.1637 LR: 4.69e-05
Ep 31/150 Step 60/177 Loss: 0.1048 LR: 4.69e-05
Ep 31/150 Step 70/177 Loss: 0.0474 LR: 4.69e-05
Ep 31/150 Step 80/177 Loss: 0.1754 LR: 4.69e-05
Ep 31/150 Step 90/177 Loss: 0.0966 LR: 4.69e-05
Ep 31/150 Step 100/177 Loss: 0.0412 LR: 4.68e-05
Ep 31/150 Step 110/177 Loss: 0.0497 LR: 4.68e-05
Ep 31/150 Step 120/177 Loss: 0.0990 LR: 4.68e-05
Ep 31/150 Step 130/177 Loss: 0.1508 LR: 4.68e-05
Ep 31/150 Step 140/177 Loss: 0.1032 LR: 4.68e-05
Ep 31/150 Step 150/177 Loss: 0.0654 LR: 4.68e-05
Ep 31/150 Step 160/177 Loss: 0.0889 LR: 4.67e-05
Ep 31/150 Step 170/177 Loss: 0.0845 LR: 4.67e-05
Epoch 31 Avg Loss: 0.1058

Epoch 31 Avg Loss: 0.1058 | Skip Rate: 0.0% (0/2832)
Ep 32/150 Step 10/177 Loss: 0.0859 LR: 4.67e-05
Ep 32/150 Step 20/177 Loss: 0.0440 LR: 4.67e-05
Ep 32/150 Step 30/177 Loss: 0.1202 LR: 4.67e-05
Ep 32/150 Step 40/177 Loss: 0.0708 LR: 4.67e-05
Ep 32/150 Step 50/177 Loss: 0.0775 LR: 4.66e-05
Ep 32/150 Step 60/177 Loss: 0.1239 LR: 4.66e-05
Ep 32/150 Step 70/177 Loss: 0.0626 LR: 4.66e-05
Ep 32/150 Step 80/177 Loss: 0.1039 LR: 4.66e-05
Ep 32/150 Step 90/177 Loss: 0.0936 LR: 4.66e-05
Ep 32/150 Step 100/177 Loss: 0.1189 LR: 4.66e-05
Ep 32/150 Step 110/177 Loss: 0.0978 LR: 4.65e-05
Ep 32/150 Step 120/177 Loss: 0.0799 LR: 4.65e-05
Ep 32/150 Step 130/177 Loss: 0.0895 LR: 4.65e-05
Ep 32/150 Step 140/177 Loss: 0.0872 LR: 4.65e-05
Ep 32/150 Step 150/177 Loss: 0.0804 LR: 4.65e-05
Ep 32/150 Step 160/177 Loss: 0.1041 LR: 4.65e-05
Ep 32/150 Step 170/177 Loss: 0.0587 LR: 4.65e-05
Epoch 32 Avg Loss: 0.0954

Epoch 32 Avg Loss: 0.0954 | Skip Rate: 0.0% (0/2832)
[DEBUG Ep32] Max Pred: 0.0002, Max GT: 1.0
[DEBUG Ep32] Pred Shape: torch.Size([1, 1, 459, 459, 640]), GT Shape: torch.Size([1, 1, 459, 459, 640])
Validation Dice (Lung Tumor): 0.3089 | LR: 0.00004644
Ep 33/150 Step 10/177 Loss: 0.1227 LR: 4.64e-05
Ep 33/150 Step 20/177 Loss: 0.0924 LR: 4.64e-05
Ep 33/150 Step 30/177 Loss: 0.1131 LR: 4.64e-05
Ep 33/150 Step 40/177 Loss: 0.1055 LR: 4.64e-05
Ep 33/150 Step 50/177 Loss: 0.0456 LR: 4.64e-05
Ep 33/150 Step 60/177 Loss: 0.0692 LR: 4.63e-05
Ep 33/150 Step 70/177 Loss: 0.1293 LR: 4.63e-05
Ep 33/150 Step 80/177 Loss: 0.0768 LR: 4.63e-05
Ep 33/150 Step 90/177 Loss: 0.0919 LR: 4.63e-05
Ep 33/150 Step 100/177 Loss: 0.1060 LR: 4.63e-05
Ep 33/150 Step 110/177 Loss: 0.0940 LR: 4.63e-05
Ep 33/150 Step 120/177 Loss: 0.0668 LR: 4.62e-05
Ep 33/150 Step 130/177 Loss: 0.0787 LR: 4.62e-05
Ep 33/150 Step 140/177 Loss: 0.0880 LR: 4.62e-05
Ep 33/150 Step 150/177 Loss: 0.1808 LR: 4.62e-05
Ep 33/150 Step 160/177 Loss: 0.0768 LR: 4.62e-05
Ep 33/150 Step 170/177 Loss: 0.0645 LR: 4.62e-05
Epoch 33 Avg Loss: 0.0993

Epoch 33 Avg Loss: 0.0993 | Skip Rate: 0.0% (0/2832)
Ep 34/150 Step 10/177 Loss: 0.0732 LR: 4.61e-05
Ep 34/150 Step 20/177 Loss: 0.0638 LR: 4.61e-05
Ep 34/150 Step 30/177 Loss: 0.0788 LR: 4.61e-05
Ep 34/150 Step 40/177 Loss: 0.0884 LR: 4.61e-05
Ep 34/150 Step 50/177 Loss: 0.0754 LR: 4.61e-05
Ep 34/150 Step 60/177 Loss: 0.1197 LR: 4.61e-05
Ep 34/150 Step 70/177 Loss: 0.0861 LR: 4.60e-05
Ep 34/150 Step 80/177 Loss: 0.0595 LR: 4.60e-05
Ep 34/150 Step 90/177 Loss: 0.0864 LR: 4.60e-05
Ep 34/150 Step 100/177 Loss: 0.1065 LR: 4.60e-05
Ep 34/150 Step 110/177 Loss: 0.1016 LR: 4.60e-05
Ep 34/150 Step 120/177 Loss: 0.1485 LR: 4.60e-05
Ep 34/150 Step 130/177 Loss: 0.0672 LR: 4.59e-05
Ep 34/150 Step 140/177 Loss: 0.1277 LR: 4.59e-05
Ep 34/150 Step 150/177 Loss: 0.1975 LR: 4.59e-05
Ep 34/150 Step 160/177 Loss: 0.0593 LR: 4.59e-05
Ep 34/150 Step 170/177 Loss: 0.0605 LR: 4.59e-05
Epoch 34 Avg Loss: 0.0963

Epoch 34 Avg Loss: 0.0963 | Skip Rate: 0.0% (0/2832)
[DEBUG Ep34] Max Pred: 0.0000, Max GT: 1.0
[DEBUG Ep34] Pred Shape: torch.Size([1, 1, 459, 459, 640]), GT Shape: torch.Size([1, 1, 459, 459, 640])
Validation Dice (Lung Tumor): 0.4515 | LR: 0.00004585
Ep 35/150 Step 10/177 Loss: 0.1189 LR: 4.58e-05
Ep 35/150 Step 20/177 Loss: 0.1167 LR: 4.58e-05
Ep 35/150 Step 30/177 Loss: 0.0665 LR: 4.58e-05
Ep 35/150 Step 40/177 Loss: 0.0646 LR: 4.58e-05
Ep 35/150 Step 50/177 Loss: 0.1158 LR: 4.58e-05
Ep 35/150 Step 60/177 Loss: 0.1225 LR: 4.57e-05
Ep 35/150 Step 70/177 Loss: 0.0675 LR: 4.57e-05
Ep 35/150 Step 80/177 Loss: 0.1262 LR: 4.57e-05
Ep 35/150 Step 90/177 Loss: 0.0661 LR: 4.57e-05
Ep 35/150 Step 100/177 Loss: 0.1013 LR: 4.57e-05
Ep 35/150 Step 110/177 Loss: 0.0703 LR: 4.57e-05
Ep 35/150 Step 120/177 Loss: 0.0883 LR: 4.56e-05
Ep 35/150 Step 130/177 Loss: 0.0763 LR: 4.56e-05
Ep 35/150 Step 140/177 Loss: 0.0845 LR: 4.56e-05
Ep 35/150 Step 150/177 Loss: 0.1036 LR: 4.56e-05
Ep 35/150 Step 160/177 Loss: 0.0615 LR: 4.56e-05
Ep 35/150 Step 170/177 Loss: 0.1190 LR: 4.56e-05
Epoch 35 Avg Loss: 0.0994

Epoch 35 Avg Loss: 0.0994 | Skip Rate: 0.0% (0/2832)
Ep 36/150 Step 10/177 Loss: 0.1024 LR: 4.55e-05
Ep 36/150 Step 20/177 Loss: 0.0441 LR: 4.55e-05
Ep 36/150 Step 30/177 Loss: 0.1179 LR: 4.55e-05
Ep 36/150 Step 40/177 Loss: 0.0560 LR: 4.55e-05
Ep 36/150 Step 50/177 Loss: 0.1105 LR: 4.55e-05
Ep 36/150 Step 60/177 Loss: 0.0392 LR: 4.54e-05
Ep 36/150 Step 70/177 Loss: 0.1066 LR: 4.54e-05
Ep 36/150 Step 80/177 Loss: 0.0559 LR: 4.54e-05
Ep 36/150 Step 90/177 Loss: 0.0849 LR: 4.54e-05
Ep 36/150 Step 100/177 Loss: 0.0619 LR: 4.54e-05
Ep 36/150 Step 110/177 Loss: 0.1150 LR: 4.53e-05
Ep 36/150 Step 120/177 Loss: 0.0498 LR: 4.53e-05
Ep 36/150 Step 130/177 Loss: 0.0685 LR: 4.53e-05
Ep 36/150 Step 140/177 Loss: 0.0935 LR: 4.53e-05
Ep 36/150 Step 150/177 Loss: 0.0682 LR: 4.53e-05
Ep 36/150 Step 160/177 Loss: 0.0982 LR: 4.53e-05
Ep 36/150 Step 170/177 Loss: 0.1466 LR: 4.52e-05
Epoch 36 Avg Loss: 0.0946

Epoch 36 Avg Loss: 0.0946 | Skip Rate: 0.0% (0/2832)
[DEBUG Ep36] Max Pred: 0.0312, Max GT: 1.0
[DEBUG Ep36] Pred Shape: torch.Size([1, 1, 459, 459, 640]), GT Shape: torch.Size([1, 1, 459, 459, 640])
Validation Dice (Lung Tumor): 0.4877 | LR: 0.00004522
Ep 37/150 Step 10/177 Loss: 0.1872 LR: 4.52e-05
Ep 37/150 Step 20/177 Loss: 0.0761 LR: 4.52e-05
Ep 37/150 Step 30/177 Loss: 0.1083 LR: 4.52e-05
Ep 37/150 Step 40/177 Loss: 0.1029 LR: 4.52e-05
Ep 37/150 Step 50/177 Loss: 0.1121 LR: 4.51e-05
Ep 37/150 Step 60/177 Loss: 0.0980 LR: 4.51e-05
Ep 37/150 Step 70/177 Loss: 0.0999 LR: 4.51e-05
Ep 37/150 Step 80/177 Loss: 0.0804 LR: 4.51e-05
Ep 37/150 Step 90/177 Loss: 0.0547 LR: 4.51e-05
Ep 37/150 Step 100/177 Loss: 0.1032 LR: 4.50e-05
Ep 37/150 Step 110/177 Loss: 0.1343 LR: 4.50e-05
Ep 37/150 Step 120/177 Loss: 0.1118 LR: 4.50e-05
Ep 37/150 Step 130/177 Loss: 0.1009 LR: 4.50e-05
Ep 37/150 Step 140/177 Loss: 0.0839 LR: 4.50e-05
Ep 37/150 Step 150/177 Loss: 0.0650 LR: 4.49e-05
Ep 37/150 Step 160/177 Loss: 0.0873 LR: 4.49e-05
Ep 37/150 Step 170/177 Loss: 0.1164 LR: 4.49e-05
Epoch 37 Avg Loss: 0.0937

Epoch 37 Avg Loss: 0.0937 | Skip Rate: 0.0% (0/2832)
Ep 38/150 Step 10/177 Loss: 0.0987 LR: 4.49e-05
Ep 38/150 Step 20/177 Loss: 0.0824 LR: 4.49e-05
Ep 38/150 Step 30/177 Loss: 0.1011 LR: 4.48e-05
Ep 38/150 Step 40/177 Loss: 0.1007 LR: 4.48e-05
Ep 38/150 Step 50/177 Loss: 0.1467 LR: 4.48e-05
Ep 38/150 Step 60/177 Loss: 0.1111 LR: 4.48e-05
Ep 38/150 Step 70/177 Loss: 0.0547 LR: 4.48e-05
Ep 38/150 Step 80/177 Loss: 0.0646 LR: 4.47e-05
Ep 38/150 Step 90/177 Loss: 0.0827 LR: 4.47e-05
Ep 38/150 Step 100/177 Loss: 0.0955 LR: 4.47e-05
Ep 38/150 Step 110/177 Loss: 0.1168 LR: 4.47e-05
Ep 38/150 Step 120/177 Loss: 0.1437 LR: 4.47e-05
Ep 38/150 Step 130/177 Loss: 0.0956 LR: 4.46e-05
Ep 38/150 Step 140/177 Loss: 0.1011 LR: 4.46e-05
Ep 38/150 Step 150/177 Loss: 0.0487 LR: 4.46e-05
Ep 38/150 Step 160/177 Loss: 0.1400 LR: 4.46e-05
Ep 38/150 Step 170/177 Loss: 0.1207 LR: 4.46e-05
Epoch 38 Avg Loss: 0.0936

Epoch 38 Avg Loss: 0.0936 | Skip Rate: 0.0% (0/2832)

------------------------------------------------------------
Sender: LSF System <jdl1fe@abts55789>
Subject: Job 21794198: <vista3d_H200> in cluster <abt-dl01> Exited


